Analysis & Synthesis report for timer
Tue Jun 16 09:04:07 2026
Quartus Prime Version 20.1.1 Build 720 11/11/2020 SJ Standard Edition


---------------------
; Table of Contents ;
---------------------
  1. Legal Notice
  2. Analysis & Synthesis Summary
  3. Analysis & Synthesis Settings
  4. Parallel Compilation
  5. Analysis & Synthesis Source Files Read
  6. Analysis & Synthesis Resource Usage Summary
  7. Analysis & Synthesis Resource Utilization by Entity
  8. State Machine - |top_timer_de2_115|bin2bcd:bin2bcd_hour|state
  9. State Machine - |top_timer_de2_115|bin2bcd:bin2bcd_min|state
 10. State Machine - |top_timer_de2_115|bin2bcd:bin2bcd_sec|state
 11. State Machine - |top_timer_de2_115|relogio_fsm:inst_fsm|state_reg
 12. Registers Removed During Synthesis
 13. General Register Statistics
 14. Multiplexer Restructuring Statistics (Restructuring Performed)
 15. Parameter Settings for User Entity Instance: bin2bcd:bin2bcd_sec
 16. Parameter Settings for User Entity Instance: bin2bcd:bin2bcd_min
 17. Parameter Settings for User Entity Instance: bin2bcd:bin2bcd_hour
 18. Port Connectivity Checks: "bin2bcd:bin2bcd_hour"
 19. Port Connectivity Checks: "bin2bcd:bin2bcd_min"
 20. Port Connectivity Checks: "bin2bcd:bin2bcd_sec"
 21. Post-Synthesis Netlist Statistics for Top Partition
 22. Elapsed Time Per Partition
 23. Analysis & Synthesis Messages



----------------
; Legal Notice ;
----------------
Copyright (C) 2020  Intel Corporation. All rights reserved.
Your use of Intel Corporation's design tools, logic functions 
and other software and tools, and any partner logic 
functions, and any output files from any of the foregoing 
(including device programming or simulation files), and any 
associated documentation or information are expressly subject 
to the terms and conditions of the Intel Program License 
Subscription Agreement, the Intel Quartus Prime License Agreement,
the Intel FPGA IP License Agreement, or other applicable license
agreement, including, without limitation, that your use is for
the sole purpose of programming logic devices manufactured by
Intel and sold by Intel or its authorized distributors.  Please
refer to the applicable agreement for further details, at
https://fpgasoftware.intel.com/eula.



+--------------------------------------------------------------------------------------+
; Analysis & Synthesis Summary                                                         ;
+------------------------------------+-------------------------------------------------+
; Analysis & Synthesis Status        ; Successful - Tue Jun 16 09:04:07 2026           ;
; Quartus Prime Version              ; 20.1.1 Build 720 11/11/2020 SJ Standard Edition ;
; Revision Name                      ; timer                                           ;
; Top-level Entity Name              ; top_timer_de2_115                               ;
; Family                             ; Cyclone IV E                                    ;
; Total logic elements               ; 407                                             ;
;     Total combinational functions  ; 377                                             ;
;     Dedicated logic registers      ; 165                                             ;
; Total registers                    ; 165                                             ;
; Total pins                         ; 47                                              ;
; Total virtual pins                 ; 0                                               ;
; Total memory bits                  ; 0                                               ;
; Embedded Multiplier 9-bit elements ; 0                                               ;
; Total PLLs                         ; 0                                               ;
+------------------------------------+-------------------------------------------------+


+------------------------------------------------------------------------------------------------------------+
; Analysis & Synthesis Settings                                                                              ;
+------------------------------------------------------------------+--------------------+--------------------+
; Option                                                           ; Setting            ; Default Value      ;
+------------------------------------------------------------------+--------------------+--------------------+
; Device                                                           ; EP4CE115F29C7      ;                    ;
; Top-level entity name                                            ; top_timer_de2_115  ; timer              ;
; Family name                                                      ; Cyclone IV E       ; Cyclone IV GX      ;
; Use smart compilation                                            ; Off                ; Off                ;
; Maximum processors allowed for parallel compilation              ; All                ; All                ;
; Enable parallel Assembler and Timing Analyzer during compilation ; On                 ; On                 ;
; Enable compact report table                                      ; Off                ; Off                ;
; Restructure Multiplexers                                         ; Auto               ; Auto               ;
; Create Debugging Nodes for IP Cores                              ; Off                ; Off                ;
; Preserve fewer node names                                        ; On                 ; On                 ;
; Intel FPGA IP Evaluation Mode                                    ; Enable             ; Enable             ;
; Verilog Version                                                  ; Verilog_2001       ; Verilog_2001       ;
; VHDL Version                                                     ; VHDL_1993          ; VHDL_1993          ;
; State Machine Processing                                         ; Auto               ; Auto               ;
; Safe State Machine                                               ; Off                ; Off                ;
; Extract Verilog State Machines                                   ; On                 ; On                 ;
; Extract VHDL State Machines                                      ; On                 ; On                 ;
; Ignore Verilog initial constructs                                ; Off                ; Off                ;
; Iteration limit for constant Verilog loops                       ; 5000               ; 5000               ;
; Iteration limit for non-constant Verilog loops                   ; 250                ; 250                ;
; Add Pass-Through Logic to Inferred RAMs                          ; On                 ; On                 ;
; Infer RAMs from Raw Logic                                        ; On                 ; On                 ;
; Parallel Synthesis                                               ; On                 ; On                 ;
; DSP Block Balancing                                              ; Auto               ; Auto               ;
; NOT Gate Push-Back                                               ; On                 ; On                 ;
; Power-Up Don't Care                                              ; On                 ; On                 ;
; Remove Redundant Logic Cells                                     ; Off                ; Off                ;
; Remove Duplicate Registers                                       ; On                 ; On                 ;
; Ignore CARRY Buffers                                             ; Off                ; Off                ;
; Ignore CASCADE Buffers                                           ; Off                ; Off                ;
; Ignore GLOBAL Buffers                                            ; Off                ; Off                ;
; Ignore ROW GLOBAL Buffers                                        ; Off                ; Off                ;
; Ignore LCELL Buffers                                             ; Off                ; Off                ;
; Ignore SOFT Buffers                                              ; On                 ; On                 ;
; Limit AHDL Integers to 32 Bits                                   ; Off                ; Off                ;
; Optimization Technique                                           ; Balanced           ; Balanced           ;
; Carry Chain Length                                               ; 70                 ; 70                 ;
; Auto Carry Chains                                                ; On                 ; On                 ;
; Auto Open-Drain Pins                                             ; On                 ; On                 ;
; Perform WYSIWYG Primitive Resynthesis                            ; Off                ; Off                ;
; Auto ROM Replacement                                             ; On                 ; On                 ;
; Auto RAM Replacement                                             ; On                 ; On                 ;
; Auto DSP Block Replacement                                       ; On                 ; On                 ;
; Auto Shift Register Replacement                                  ; Auto               ; Auto               ;
; Allow Shift Register Merging across Hierarchies                  ; Auto               ; Auto               ;
; Auto Clock Enable Replacement                                    ; On                 ; On                 ;
; Strict RAM Replacement                                           ; Off                ; Off                ;
; Allow Synchronous Control Signals                                ; On                 ; On                 ;
; Force Use of Synchronous Clear Signals                           ; Off                ; Off                ;
; Auto RAM Block Balancing                                         ; On                 ; On                 ;
; Auto RAM to Logic Cell Conversion                                ; Off                ; Off                ;
; Auto Resource Sharing                                            ; Off                ; Off                ;
; Allow Any RAM Size For Recognition                               ; Off                ; Off                ;
; Allow Any ROM Size For Recognition                               ; Off                ; Off                ;
; Allow Any Shift Register Size For Recognition                    ; Off                ; Off                ;
; Use LogicLock Constraints during Resource Balancing              ; On                 ; On                 ;
; Ignore translate_off and synthesis_off directives                ; Off                ; Off                ;
; Timing-Driven Synthesis                                          ; On                 ; On                 ;
; Report Parameter Settings                                        ; On                 ; On                 ;
; Report Source Assignments                                        ; On                 ; On                 ;
; Report Connectivity Checks                                       ; On                 ; On                 ;
; Ignore Maximum Fan-Out Assignments                               ; Off                ; Off                ;
; Synchronization Register Chain Length                            ; 2                  ; 2                  ;
; Power Optimization During Synthesis                              ; Normal compilation ; Normal compilation ;
; HDL message level                                                ; Level2             ; Level2             ;
; Suppress Register Optimization Related Messages                  ; Off                ; Off                ;
; Number of Removed Registers Reported in Synthesis Report         ; 5000               ; 5000               ;
; Number of Swept Nodes Reported in Synthesis Report               ; 5000               ; 5000               ;
; Number of Inverted Registers Reported in Synthesis Report        ; 100                ; 100                ;
; Clock MUX Protection                                             ; On                 ; On                 ;
; Auto Gated Clock Conversion                                      ; Off                ; Off                ;
; Block Design Naming                                              ; Auto               ; Auto               ;
; SDC constraint protection                                        ; Off                ; Off                ;
; Synthesis Effort                                                 ; Auto               ; Auto               ;
; Shift Register Replacement - Allow Asynchronous Clear Signal     ; On                 ; On                 ;
; Pre-Mapping Resynthesis Optimization                             ; Off                ; Off                ;
; Analysis & Synthesis Message Level                               ; Medium             ; Medium             ;
; Disable Register Merging Across Hierarchies                      ; Auto               ; Auto               ;
; Resource Aware Inference For Block RAM                           ; On                 ; On                 ;
+------------------------------------------------------------------+--------------------+--------------------+


+------------------------------------------+
; Parallel Compilation                     ;
+----------------------------+-------------+
; Processors                 ; Number      ;
+----------------------------+-------------+
; Number detected on machine ; 32          ;
; Maximum allowed            ; 12          ;
;                            ;             ;
; Average used               ; 1.00        ;
; Maximum used               ; 12          ;
;                            ;             ;
; Usage by Processor         ; % Time Used ;
;     Processor 1            ; 100.0%      ;
;     Processors 2-12        ;   0.0%      ;
+----------------------------+-------------+


+-------------------------------------------------------------------------------------------------------------------------------------------------------+
; Analysis & Synthesis Source Files Read                                                                                                                ;
+----------------------------------+-----------------+-----------------+----------------------------------------------------------------------+---------+
; File Name with User-Entered Path ; Used in Netlist ; File Type       ; File Name with Absolute Path                                         ; Library ;
+----------------------------------+-----------------+-----------------+----------------------------------------------------------------------+---------+
; relogio_fsm.vhd                  ; yes             ; User VHDL File  ; /home/aluno/ELDII/relogio_fsm/timer_hora_carga/relogio_fsm.vhd       ;         ;
; timer_hora_carga.vhd             ; yes             ; User VHDL File  ; /home/aluno/ELDII/relogio_fsm/timer_hora_carga/timer_hora_carga.vhd  ;         ;
; bin2bcd.vhd                      ; yes             ; User VHDL File  ; /home/aluno/ELDII/relogio_fsm/timer_hora_carga/bin2bcd.vhd           ;         ;
; top_timer_de2_115.vhd            ; yes             ; User VHDL File  ; /home/aluno/ELDII/relogio_fsm/timer_hora_carga/top_timer_de2_115.vhd ;         ;
; bcd2ssd.vhd                      ; yes             ; User VHDL File  ; /home/aluno/ELDII/relogio_fsm/timer_hora_carga/bcd2ssd.vhd           ;         ;
; blink.vhd                        ; yes             ; User VHDL File  ; /home/aluno/ELDII/relogio_fsm/timer_hora_carga/blink.vhd             ;         ;
; sync_keys.vhd                    ; yes             ; User VHDL File  ; /home/aluno/ELDII/relogio_fsm/timer_hora_carga/sync_keys.vhd         ;         ;
+----------------------------------+-----------------+-----------------+----------------------------------------------------------------------+---------+


+--------------------------------------------------------------+
; Analysis & Synthesis Resource Usage Summary                  ;
+---------------------------------------------+----------------+
; Resource                                    ; Usage          ;
+---------------------------------------------+----------------+
; Estimated Total logic elements              ; 407            ;
;                                             ;                ;
; Total combinational functions               ; 377            ;
; Logic element usage by number of LUT inputs ;                ;
;     -- 4 input functions                    ; 201            ;
;     -- 3 input functions                    ; 54             ;
;     -- <=2 input functions                  ; 122            ;
;                                             ;                ;
; Logic elements by mode                      ;                ;
;     -- normal mode                          ; 309            ;
;     -- arithmetic mode                      ; 68             ;
;                                             ;                ;
; Total registers                             ; 165            ;
;     -- Dedicated logic registers            ; 165            ;
;     -- I/O registers                        ; 0              ;
;                                             ;                ;
; I/O pins                                    ; 47             ;
;                                             ;                ;
; Embedded Multiplier 9-bit elements          ; 0              ;
;                                             ;                ;
; Maximum fan-out node                        ; CLOCK_50~input ;
; Maximum fan-out                             ; 165            ;
; Total fan-out                               ; 1878           ;
; Average fan-out                             ; 2.95           ;
+---------------------------------------------+----------------+


+-------------------------------------------------------------------------------------------------------------------------------------------------------------------------------------------------------------------------------------------+
; Analysis & Synthesis Resource Utilization by Entity                                                                                                                                                                                       ;
+-------------------------------+---------------------+---------------------------+-------------+--------------+---------+-----------+------+--------------+---------------------------------------------+-------------------+--------------+
; Compilation Hierarchy Node    ; Combinational ALUTs ; Dedicated Logic Registers ; Memory Bits ; DSP Elements ; DSP 9x9 ; DSP 18x18 ; Pins ; Virtual Pins ; Full Hierarchy Name                         ; Entity Name       ; Library Name ;
+-------------------------------+---------------------+---------------------------+-------------+--------------+---------+-----------+------+--------------+---------------------------------------------+-------------------+--------------+
; |top_timer_de2_115            ; 377 (27)            ; 165 (0)                   ; 0           ; 0            ; 0       ; 0         ; 47   ; 0            ; |top_timer_de2_115                          ; top_timer_de2_115 ; work         ;
;    |bcd2ssd:bcd_hourT|        ; 7 (7)               ; 0 (0)                     ; 0           ; 0            ; 0       ; 0         ; 0    ; 0            ; |top_timer_de2_115|bcd2ssd:bcd_hourT        ; bcd2ssd           ; work         ;
;    |bcd2ssd:bcd_hourU|        ; 7 (7)               ; 0 (0)                     ; 0           ; 0            ; 0       ; 0         ; 0    ; 0            ; |top_timer_de2_115|bcd2ssd:bcd_hourU        ; bcd2ssd           ; work         ;
;    |bcd2ssd:bcd_minT|         ; 7 (7)               ; 0 (0)                     ; 0           ; 0            ; 0       ; 0         ; 0    ; 0            ; |top_timer_de2_115|bcd2ssd:bcd_minT         ; bcd2ssd           ; work         ;
;    |bcd2ssd:bcd_minU|         ; 7 (7)               ; 0 (0)                     ; 0           ; 0            ; 0       ; 0         ; 0    ; 0            ; |top_timer_de2_115|bcd2ssd:bcd_minU         ; bcd2ssd           ; work         ;
;    |bcd2ssd:bcd_secT|         ; 7 (7)               ; 0 (0)                     ; 0           ; 0            ; 0       ; 0         ; 0    ; 0            ; |top_timer_de2_115|bcd2ssd:bcd_secT         ; bcd2ssd           ; work         ;
;    |bcd2ssd:bcd_secU|         ; 7 (7)               ; 0 (0)                     ; 0           ; 0            ; 0       ; 0         ; 0    ; 0            ; |top_timer_de2_115|bcd2ssd:bcd_secU         ; bcd2ssd           ; work         ;
;    |bin2bcd:bin2bcd_hour|     ; 33 (33)             ; 27 (27)                   ; 0           ; 0            ; 0       ; 0         ; 0    ; 0            ; |top_timer_de2_115|bin2bcd:bin2bcd_hour     ; bin2bcd           ; work         ;
;    |bin2bcd:bin2bcd_min|      ; 31 (31)             ; 28 (28)                   ; 0           ; 0            ; 0       ; 0         ; 0    ; 0            ; |top_timer_de2_115|bin2bcd:bin2bcd_min      ; bin2bcd           ; work         ;
;    |bin2bcd:bin2bcd_sec|      ; 25 (25)             ; 22 (22)                   ; 0           ; 0            ; 0       ; 0         ; 0    ; 0            ; |top_timer_de2_115|bin2bcd:bin2bcd_sec      ; bin2bcd           ; work         ;
;    |blink:blink1|             ; 55 (55)             ; 26 (26)                   ; 0           ; 0            ; 0       ; 0         ; 0    ; 0            ; |top_timer_de2_115|blink:blink1             ; blink             ; work         ;
;    |relogio_fsm:inst_fsm|     ; 41 (41)             ; 10 (10)                   ; 0           ; 0            ; 0       ; 0         ; 0    ; 0            ; |top_timer_de2_115|relogio_fsm:inst_fsm     ; relogio_fsm       ; work         ;
;    |sync_keys:inst_sync_keys| ; 5 (5)               ; 9 (9)                     ; 0           ; 0            ; 0       ; 0         ; 0    ; 0            ; |top_timer_de2_115|sync_keys:inst_sync_keys ; sync_keys         ; work         ;
;    |timer:t0|                 ; 118 (118)           ; 43 (43)                   ; 0           ; 0            ; 0       ; 0         ; 0    ; 0            ; |top_timer_de2_115|timer:t0                 ; timer             ; work         ;
+-------------------------------+---------------------+---------------------------+-------------+--------------+---------+-----------+------+--------------+---------------------------------------------+-------------------+--------------+
Note: For table entries with two numbers listed, the numbers in parentheses indicate the number of resources of the given type used by the specific entity alone. The numbers listed outside of parentheses indicate the total resources of the given type used by the specific entity and all of its sub-entities in the hierarchy.


Encoding Type:  One-Hot
+---------------------------------------------------------------+
; State Machine - |top_timer_de2_115|bin2bcd:bin2bcd_hour|state ;
+-------------+------------+-------------+----------------------+
; Name        ; state.done ; state.shift ; state.start          ;
+-------------+------------+-------------+----------------------+
; state.start ; 0          ; 0           ; 0                    ;
; state.shift ; 0          ; 1           ; 1                    ;
; state.done  ; 1          ; 0           ; 1                    ;
+-------------+------------+-------------+----------------------+


Encoding Type:  One-Hot
+--------------------------------------------------------------+
; State Machine - |top_timer_de2_115|bin2bcd:bin2bcd_min|state ;
+-------------+------------+-------------+---------------------+
; Name        ; state.done ; state.shift ; state.start         ;
+-------------+------------+-------------+---------------------+
; state.start ; 0          ; 0           ; 0                   ;
; state.shift ; 0          ; 1           ; 1                   ;
; state.done  ; 1          ; 0           ; 1                   ;
+-------------+------------+-------------+---------------------+


Encoding Type:  One-Hot
+--------------------------------------------------------------+
; State Machine - |top_timer_de2_115|bin2bcd:bin2bcd_sec|state ;
+-------------+------------+-------------+---------------------+
; Name        ; state.done ; state.shift ; state.start         ;
+-------------+------------+-------------+---------------------+
; state.start ; 0          ; 0           ; 0                   ;
; state.shift ; 0          ; 1           ; 1                   ;
; state.done  ; 1          ; 0           ; 1                   ;
+-------------+------------+-------------+---------------------+


Encoding Type:  One-Hot
+--------------------------------------------------------------------------------------------------------------------------------------------------------------------------------------------------------------------------------------------------------------+
; State Machine - |top_timer_de2_115|relogio_fsm:inst_fsm|state_reg                                                                                                                                                                                            ;
+------------------------+------------------------+------------------------+--------------------+------------------------+------------------------+--------------------+------------------------+------------------------+--------------------+----------------+
; Name                   ; state_reg.decrementa_s ; state_reg.incrementa_s ; state_reg.ajuste_s ; state_reg.decrementa_m ; state_reg.incrementa_m ; state_reg.ajuste_m ; state_reg.decrementa_h ; state_reg.incrementa_h ; state_reg.ajuste_h ; state_reg.idle ;
+------------------------+------------------------+------------------------+--------------------+------------------------+------------------------+--------------------+------------------------+------------------------+--------------------+----------------+
; state_reg.idle         ; 0                      ; 0                      ; 0                  ; 0                      ; 0                      ; 0                  ; 0                      ; 0                      ; 0                  ; 0              ;
; state_reg.ajuste_h     ; 0                      ; 0                      ; 0                  ; 0                      ; 0                      ; 0                  ; 0                      ; 0                      ; 1                  ; 1              ;
; state_reg.incrementa_h ; 0                      ; 0                      ; 0                  ; 0                      ; 0                      ; 0                  ; 0                      ; 1                      ; 0                  ; 1              ;
; state_reg.decrementa_h ; 0                      ; 0                      ; 0                  ; 0                      ; 0                      ; 0                  ; 1                      ; 0                      ; 0                  ; 1              ;
; state_reg.ajuste_m     ; 0                      ; 0                      ; 0                  ; 0                      ; 0                      ; 1                  ; 0                      ; 0                      ; 0                  ; 1              ;
; state_reg.incrementa_m ; 0                      ; 0                      ; 0                  ; 0                      ; 1                      ; 0                  ; 0                      ; 0                      ; 0                  ; 1              ;
; state_reg.decrementa_m ; 0                      ; 0                      ; 0                  ; 1                      ; 0                      ; 0                  ; 0                      ; 0                      ; 0                  ; 1              ;
; state_reg.ajuste_s     ; 0                      ; 0                      ; 1                  ; 0                      ; 0                      ; 0                  ; 0                      ; 0                      ; 0                  ; 1              ;
; state_reg.incrementa_s ; 0                      ; 1                      ; 0                  ; 0                      ; 0                      ; 0                  ; 0                      ; 0                      ; 0                  ; 1              ;
; state_reg.decrementa_s ; 1                      ; 0                      ; 0                  ; 0                      ; 0                      ; 0                  ; 0                      ; 0                      ; 0                  ; 1              ;
+------------------------+------------------------+------------------------+--------------------+------------------------+------------------------+--------------------+------------------------+------------------------+--------------------+----------------+


+------------------------------------------------------------------------------------------+
; Registers Removed During Synthesis                                                       ;
+---------------------------------------+--------------------------------------------------+
; Register name                         ; Reason for Removal                               ;
+---------------------------------------+--------------------------------------------------+
; bin2bcd:bin2bcd_sec|state.done        ; Merged with bin2bcd:bin2bcd_min|state.done       ;
; bin2bcd:bin2bcd_sec|shift_counter[2]  ; Merged with bin2bcd:bin2bcd_min|shift_counter[2] ;
; bin2bcd:bin2bcd_sec|shift_counter[1]  ; Merged with bin2bcd:bin2bcd_min|shift_counter[1] ;
; bin2bcd:bin2bcd_sec|shift_counter[0]  ; Merged with bin2bcd:bin2bcd_min|shift_counter[0] ;
; bin2bcd:bin2bcd_sec|state.shift       ; Merged with bin2bcd:bin2bcd_min|state.shift      ;
; bin2bcd:bin2bcd_sec|state.start       ; Merged with bin2bcd:bin2bcd_min|state.start      ;
; Total Number of Removed Registers = 6 ;                                                  ;
+---------------------------------------+--------------------------------------------------+


+------------------------------------------------------+
; General Register Statistics                          ;
+----------------------------------------------+-------+
; Statistic                                    ; Value ;
+----------------------------------------------+-------+
; Total registers                              ; 165   ;
; Number of registers using Synchronous Clear  ; 26    ;
; Number of registers using Synchronous Load   ; 6     ;
; Number of registers using Asynchronous Clear ; 165   ;
; Number of registers using Asynchronous Load  ; 0     ;
; Number of registers using Clock Enable       ; 57    ;
; Number of registers using Preset             ; 0     ;
+----------------------------------------------+-------+


+-----------------------------------------------------------------------------------------------------------------------------------------------------------------+
; Multiplexer Restructuring Statistics (Restructuring Performed)                                                                                                  ;
+--------------------+-----------+---------------+----------------------+------------------------+------------+---------------------------------------------------+
; Multiplexer Inputs ; Bus Width ; Baseline Area ; Area if Restructured ; Saving if Restructured ; Registered ; Example Multiplexer Output                        ;
+--------------------+-----------+---------------+----------------------+------------------------+------------+---------------------------------------------------+
; 4:1                ; 4 bits    ; 8 LEs         ; 4 LEs                ; 4 LEs                  ; Yes        ; |top_timer_de2_115|bin2bcd:bin2bcd_hour|binary[2] ;
; 4:1                ; 5 bits    ; 10 LEs        ; 5 LEs                ; 5 LEs                  ; Yes        ; |top_timer_de2_115|bin2bcd:bin2bcd_min|binary[5]  ;
; 4:1                ; 5 bits    ; 10 LEs        ; 5 LEs                ; 5 LEs                  ; Yes        ; |top_timer_de2_115|bin2bcd:bin2bcd_sec|binary[5]  ;
; 8:1                ; 6 bits    ; 30 LEs        ; 18 LEs               ; 12 LEs                 ; Yes        ; |top_timer_de2_115|timer:t0|s_reg[0]              ;
; 8:1                ; 6 bits    ; 30 LEs        ; 18 LEs               ; 12 LEs                 ; Yes        ; |top_timer_de2_115|timer:t0|m_reg[4]              ;
; 8:1                ; 5 bits    ; 25 LEs        ; 15 LEs               ; 10 LEs                 ; Yes        ; |top_timer_de2_115|timer:t0|h_reg[0]              ;
; 3:1                ; 4 bits    ; 8 LEs         ; 8 LEs                ; 0 LEs                  ; No         ; |top_timer_de2_115|bin2bcd:bin2bcd_sec|bcds_next  ;
; 3:1                ; 3 bits    ; 6 LEs         ; 6 LEs                ; 0 LEs                  ; No         ; |top_timer_de2_115|bin2bcd:bin2bcd_sec|bcds_next  ;
; 3:1                ; 4 bits    ; 8 LEs         ; 8 LEs                ; 0 LEs                  ; No         ; |top_timer_de2_115|bin2bcd:bin2bcd_min|bcds_next  ;
; 3:1                ; 3 bits    ; 6 LEs         ; 6 LEs                ; 0 LEs                  ; No         ; |top_timer_de2_115|bin2bcd:bin2bcd_min|bcds_next  ;
; 3:1                ; 4 bits    ; 8 LEs         ; 8 LEs                ; 0 LEs                  ; No         ; |top_timer_de2_115|bin2bcd:bin2bcd_hour|bcds_next ;
; 3:1                ; 3 bits    ; 6 LEs         ; 6 LEs                ; 0 LEs                  ; No         ; |top_timer_de2_115|bin2bcd:bin2bcd_hour|bcds_next ;
+--------------------+-----------+---------------+----------------------+------------------------+------------+---------------------------------------------------+


+------------------------------------------------------------------+
; Parameter Settings for User Entity Instance: bin2bcd:bin2bcd_sec ;
+----------------+-------+-----------------------------------------+
; Parameter Name ; Value ; Type                                    ;
+----------------+-------+-----------------------------------------+
; n              ; 6     ; Signed Integer                          ;
+----------------+-------+-----------------------------------------+
Note: In order to hide this table in the UI and the text report file, please set the "Show Parameter Settings in Synthesis Report" option in "Analysis and Synthesis Settings -> More Settings" to "Off".


+------------------------------------------------------------------+
; Parameter Settings for User Entity Instance: bin2bcd:bin2bcd_min ;
+----------------+-------+-----------------------------------------+
; Parameter Name ; Value ; Type                                    ;
+----------------+-------+-----------------------------------------+
; n              ; 6     ; Signed Integer                          ;
+----------------+-------+-----------------------------------------+
Note: In order to hide this table in the UI and the text report file, please set the "Show Parameter Settings in Synthesis Report" option in "Analysis and Synthesis Settings -> More Settings" to "Off".


+-------------------------------------------------------------------+
; Parameter Settings for User Entity Instance: bin2bcd:bin2bcd_hour ;
+----------------+-------+------------------------------------------+
; Parameter Name ; Value ; Type                                     ;
+----------------+-------+------------------------------------------+
; n              ; 5     ; Signed Integer                           ;
+----------------+-------+------------------------------------------+
Note: In order to hide this table in the UI and the text report file, please set the "Show Parameter Settings in Synthesis Report" option in "Analysis and Synthesis Settings -> More Settings" to "Off".


+----------------------------------------------------------------------------------------------------------------+
; Port Connectivity Checks: "bin2bcd:bin2bcd_hour"                                                               ;
+------+--------+----------+-------------------------------------------------------------------------------------+
; Port ; Type   ; Severity ; Details                                                                             ;
+------+--------+----------+-------------------------------------------------------------------------------------+
; bcd2 ; Output ; Info     ; Connected to dangling logic. Logic that only feeds a dangling port will be removed. ;
; bcd3 ; Output ; Info     ; Connected to dangling logic. Logic that only feeds a dangling port will be removed. ;
; bcd4 ; Output ; Info     ; Connected to dangling logic. Logic that only feeds a dangling port will be removed. ;
+------+--------+----------+-------------------------------------------------------------------------------------+


+----------------------------------------------------------------------------------------------------------------+
; Port Connectivity Checks: "bin2bcd:bin2bcd_min"                                                                ;
+------+--------+----------+-------------------------------------------------------------------------------------+
; Port ; Type   ; Severity ; Details                                                                             ;
+------+--------+----------+-------------------------------------------------------------------------------------+
; bcd2 ; Output ; Info     ; Connected to dangling logic. Logic that only feeds a dangling port will be removed. ;
; bcd3 ; Output ; Info     ; Connected to dangling logic. Logic that only feeds a dangling port will be removed. ;
; bcd4 ; Output ; Info     ; Connected to dangling logic. Logic that only feeds a dangling port will be removed. ;
+------+--------+----------+-------------------------------------------------------------------------------------+


+----------------------------------------------------------------------------------------------------------------+
; Port Connectivity Checks: "bin2bcd:bin2bcd_sec"                                                                ;
+------+--------+----------+-------------------------------------------------------------------------------------+
; Port ; Type   ; Severity ; Details                                                                             ;
+------+--------+----------+-------------------------------------------------------------------------------------+
; bcd2 ; Output ; Info     ; Connected to dangling logic. Logic that only feeds a dangling port will be removed. ;
; bcd3 ; Output ; Info     ; Connected to dangling logic. Logic that only feeds a dangling port will be removed. ;
; bcd4 ; Output ; Info     ; Connected to dangling logic. Logic that only feeds a dangling port will be removed. ;
+------+--------+----------+-------------------------------------------------------------------------------------+


+-----------------------------------------------------+
; Post-Synthesis Netlist Statistics for Top Partition ;
+-----------------------+-----------------------------+
; Type                  ; Count                       ;
+-----------------------+-----------------------------+
; boundary_port         ; 47                          ;
; cycloneiii_ff         ; 165                         ;
;     CLR               ; 81                          ;
;     CLR SCLR          ; 26                          ;
;     CLR SLD           ; 1                           ;
;     ENA CLR           ; 52                          ;
;     ENA CLR SLD       ; 5                           ;
; cycloneiii_lcell_comb ; 383                         ;
;     arith             ; 68                          ;
;         2 data inputs ; 68                          ;
;     normal            ; 315                         ;
;         1 data inputs ; 17                          ;
;         2 data inputs ; 43                          ;
;         3 data inputs ; 54                          ;
;         4 data inputs ; 201                         ;
;                       ;                             ;
; Max LUT depth         ; 9.00                        ;
; Average LUT depth     ; 4.28                        ;
+-----------------------+-----------------------------+


+-------------------------------+
; Elapsed Time Per Partition    ;
+----------------+--------------+
; Partition Name ; Elapsed Time ;
+----------------+--------------+
; Top            ; 00:00:01     ;
+----------------+--------------+


+-------------------------------+
; Analysis & Synthesis Messages ;
+-------------------------------+
Info: *******************************************************************
Info: Running Quartus Prime Analysis & Synthesis
    Info: Version 20.1.1 Build 720 11/11/2020 SJ Standard Edition
    Info: Processing started: Tue Jun 16 09:04:01 2026
Info: Command: quartus_map --read_settings_files=on --write_settings_files=off timer -c timer
Info (20030): Parallel compilation is enabled and will use 12 of the 12 processors detected
Info (12021): Found 2 design units, including 1 entities, in source file relogio_fsm.vhd
    Info (12022): Found design unit 1: relogio_fsm-estados File: /home/aluno/ELDII/relogio_fsm/timer_hora_carga/relogio_fsm.vhd Line: 25
    Info (12023): Found entity 1: relogio_fsm File: /home/aluno/ELDII/relogio_fsm/timer_hora_carga/relogio_fsm.vhd Line: 5
Info (12021): Found 2 design units, including 1 entities, in source file timer_hora_carga.vhd
    Info (12022): Found design unit 1: timer-single_clock_arch File: /home/aluno/ELDII/relogio_fsm/timer_hora_carga/timer_hora_carga.vhd Line: 20
    Info (12023): Found entity 1: timer File: /home/aluno/ELDII/relogio_fsm/timer_hora_carga/timer_hora_carga.vhd Line: 9
Info (12021): Found 2 design units, including 1 entities, in source file bin2bcd.vhd
    Info (12022): Found design unit 1: bin2bcd-behaviour File: /home/aluno/ELDII/relogio_fsm/timer_hora_carga/bin2bcd.vhd Line: 16
    Info (12023): Found entity 1: bin2bcd File: /home/aluno/ELDII/relogio_fsm/timer_hora_carga/bin2bcd.vhd Line: 7
Info (12021): Found 2 design units, including 1 entities, in source file top_timer_de2_115.vhd
    Info (12022): Found design unit 1: top_timer_de2_115-top File: /home/aluno/ELDII/relogio_fsm/timer_hora_carga/top_timer_de2_115.vhd Line: 19
    Info (12023): Found entity 1: top_timer_de2_115 File: /home/aluno/ELDII/relogio_fsm/timer_hora_carga/top_timer_de2_115.vhd Line: 5
Info (12021): Found 2 design units, including 1 entities, in source file bcd2ssd.vhd
    Info (12022): Found design unit 1: bcd2ssd-arch File: /home/aluno/ELDII/relogio_fsm/timer_hora_carga/bcd2ssd.vhd Line: 12
    Info (12023): Found entity 1: bcd2ssd File: /home/aluno/ELDII/relogio_fsm/timer_hora_carga/bcd2ssd.vhd Line: 4
Info (12021): Found 2 design units, including 1 entities, in source file blink.vhd
    Info (12022): Found design unit 1: blink-arch File: /home/aluno/ELDII/relogio_fsm/timer_hora_carga/blink.vhd Line: 13
    Info (12023): Found entity 1: blink File: /home/aluno/ELDII/relogio_fsm/timer_hora_carga/blink.vhd Line: 6
Info (12021): Found 2 design units, including 1 entities, in source file sync_keys.vhd
    Info (12022): Found design unit 1: sync_keys-arch File: /home/aluno/ELDII/relogio_fsm/timer_hora_carga/sync_keys.vhd Line: 19
    Info (12023): Found entity 1: sync_keys File: /home/aluno/ELDII/relogio_fsm/timer_hora_carga/sync_keys.vhd Line: 11
Info (12127): Elaborating entity "top_timer_de2_115" for the top level hierarchy
Info (12128): Elaborating entity "sync_keys" for hierarchy "sync_keys:inst_sync_keys" File: /home/aluno/ELDII/relogio_fsm/timer_hora_carga/top_timer_de2_115.vhd Line: 121
Info (12128): Elaborating entity "relogio_fsm" for hierarchy "relogio_fsm:inst_fsm" File: /home/aluno/ELDII/relogio_fsm/timer_hora_carga/top_timer_de2_115.vhd Line: 133
Info (12128): Elaborating entity "timer" for hierarchy "timer:t0" File: /home/aluno/ELDII/relogio_fsm/timer_hora_carga/top_timer_de2_115.vhd Line: 155
Info (12128): Elaborating entity "blink" for hierarchy "blink:blink1" File: /home/aluno/ELDII/relogio_fsm/timer_hora_carga/top_timer_de2_115.vhd Line: 170
Info (12128): Elaborating entity "bin2bcd" for hierarchy "bin2bcd:bin2bcd_sec" File: /home/aluno/ELDII/relogio_fsm/timer_hora_carga/top_timer_de2_115.vhd Line: 196
Info (12128): Elaborating entity "bin2bcd" for hierarchy "bin2bcd:bin2bcd_hour" File: /home/aluno/ELDII/relogio_fsm/timer_hora_carga/top_timer_de2_115.vhd Line: 222
Info (12128): Elaborating entity "bcd2ssd" for hierarchy "bcd2ssd:bcd_secU" File: /home/aluno/ELDII/relogio_fsm/timer_hora_carga/top_timer_de2_115.vhd Line: 235
Info (286030): Timing-Driven Synthesis is running
Info (16010): Generating hard_block partition "hard_block:auto_generated_inst"
    Info (16011): Adding 0 node(s), including 0 DDIO, 0 PLL, 0 transceiver and 0 LCELL
Info (21057): Implemented 454 device resources after synthesis - the final resource count might be different
    Info (21058): Implemented 5 input pins
    Info (21059): Implemented 42 output pins
    Info (21061): Implemented 407 logic cells
Info: Quartus Prime Analysis & Synthesis was successful. 0 errors, 0 warnings
    Info: Peak virtual memory: 478 megabytes
    Info: Processing ended: Tue Jun 16 09:04:07 2026
    Info: Elapsed time: 00:00:06
    Info: Total CPU time (on all processors): 00:00:12


