Flow report for timer
Tue Jun 16 09:04:24 2026
Quartus Prime Version 20.1.1 Build 720 11/11/2020 SJ Standard Edition


---------------------
; Table of Contents ;
---------------------
  1. Legal Notice
  2. Flow Summary
  3. Flow Settings
  4. Flow Non-Default Global Settings
  5. Flow Elapsed Time
  6. Flow OS Summary
  7. Flow Log
  8. Flow Messages
  9. Flow Suppressed Messages



----------------
; Legal Notice ;
----------------
Copyright (C) 2020  Intel Corporation. All rights reserved.
Your use of Intel Corporation's design tools, logic functions 
and other software and tools, and any partner logic 
functions, and any output files from any of the foregoing 
(including device programming or simulation files), and any 
associated documentation or information are expressly subject 
to the terms and conditions of the Intel Program License 
Subscription Agreement, the Intel Quartus Prime License Agreement,
the Intel FPGA IP License Agreement, or other applicable license
agreement, including, without limitation, that your use is for
the sole purpose of programming logic devices manufactured by
Intel and sold by Intel or its authorized distributors.  Please
refer to the applicable agreement for further details, at
https://fpgasoftware.intel.com/eula.



+--------------------------------------------------------------------------------------+
; Flow Summary                                                                         ;
+------------------------------------+-------------------------------------------------+
; Flow Status                        ; Successful - Tue Jun 16 09:04:24 2026           ;
; Quartus Prime Version              ; 20.1.1 Build 720 11/11/2020 SJ Standard Edition ;
; Revision Name                      ; timer                                           ;
; Top-level Entity Name              ; top_timer_de2_115                               ;
; Family                             ; Cyclone IV E                                    ;
; Device                             ; EP4CE115F29C7                                   ;
; Timing Models                      ; Final                                           ;
; Total logic elements               ; 379 / 114,480 ( < 1 % )                         ;
;     Total combinational functions  ; 377 / 114,480 ( < 1 % )                         ;
;     Dedicated logic registers      ; 165 / 114,480 ( < 1 % )                         ;
; Total registers                    ; 165                                             ;
; Total pins                         ; 47 / 529 ( 9 % )                                ;
; Total virtual pins                 ; 0                                               ;
; Total memory bits                  ; 0 / 3,981,312 ( 0 % )                           ;
; Embedded Multiplier 9-bit elements ; 0 / 532 ( 0 % )                                 ;
; Total PLLs                         ; 0 / 4 ( 0 % )                                   ;
+------------------------------------+-------------------------------------------------+


+-----------------------------------------+
; Flow Settings                           ;
+-------------------+---------------------+
; Option            ; Setting             ;
+-------------------+---------------------+
; Start date & time ; 06/16/2026 09:04:01 ;
; Main task         ; Compilation         ;
; Revision Name     ; timer               ;
+-------------------+---------------------+


+-----------------------------------------------------------------------------------------------------------------------------------+
; Flow Non-Default Global Settings                                                                                                  ;
+-------------------------------------+----------------------------------------+---------------+-------------------+----------------+
; Assignment Name                     ; Value                                  ; Default Value ; Entity Name       ; Section Id     ;
+-------------------------------------+----------------------------------------+---------------+-------------------+----------------+
; COMPILER_SIGNATURE_ID               ; 185410946189304.178161144132160        ; --            ; --                ; --             ;
; EDA_OUTPUT_DATA_FORMAT              ; Vhdl                                   ; --            ; --                ; eda_simulation ;
; EDA_SIMULATION_TOOL                 ; ModelSim-Altera (VHDL)                 ; <None>        ; --                ; --             ;
; MAX_CORE_JUNCTION_TEMP              ; 85                                     ; --            ; --                ; --             ;
; MIN_CORE_JUNCTION_TEMP              ; 0                                      ; --            ; --                ; --             ;
; OUTPUT_IO_TIMING_FAR_END_VMEAS      ; Half Signal Swing                      ; --            ; --                ; --             ;
; OUTPUT_IO_TIMING_FAR_END_VMEAS      ; Half Signal Swing                      ; --            ; --                ; --             ;
; OUTPUT_IO_TIMING_NEAR_END_VMEAS     ; Half Vccio                             ; --            ; --                ; --             ;
; OUTPUT_IO_TIMING_NEAR_END_VMEAS     ; Half Vccio                             ; --            ; --                ; --             ;
; PARTITION_COLOR                     ; -- (Not supported for targeted family) ; --            ; top_timer_de2_115 ; Top            ;
; PARTITION_FITTER_PRESERVATION_LEVEL ; -- (Not supported for targeted family) ; --            ; top_timer_de2_115 ; Top            ;
; PARTITION_NETLIST_TYPE              ; -- (Not supported for targeted family) ; --            ; top_timer_de2_115 ; Top            ;
; POWER_BOARD_THERMAL_MODEL           ; None (CONSERVATIVE)                    ; --            ; --                ; --             ;
; POWER_PRESET_COOLING_SOLUTION       ; 23 MM HEAT SINK WITH 200 LFPM AIRFLOW  ; --            ; --                ; --             ;
; PROJECT_OUTPUT_DIRECTORY            ; output_files                           ; --            ; --                ; --             ;
; SEARCH_PATH                         ; output_files/                          ; --            ; --                ; --             ;
; TOP_LEVEL_ENTITY                    ; top_timer_de2_115                      ; timer         ; --                ; --             ;
+-------------------------------------+----------------------------------------+---------------+-------------------+----------------+


+--------------------------------------------------------------------------------------------------------------------------+
; Flow Elapsed Time                                                                                                        ;
+----------------------+--------------+-------------------------+---------------------+------------------------------------+
; Module Name          ; Elapsed Time ; Average Processors Used ; Peak Virtual Memory ; Total CPU Time (on all processors) ;
+----------------------+--------------+-------------------------+---------------------+------------------------------------+
; Analysis & Synthesis ; 00:00:06     ; 1.0                     ; 478 MB              ; 00:00:11                           ;
; Fitter               ; 00:00:09     ; 1.0                     ; 1764 MB             ; 00:00:12                           ;
; Assembler            ; 00:00:03     ; 1.0                     ; 355 MB              ; 00:00:02                           ;
; Timing Analyzer      ; 00:00:01     ; 1.1                     ; 643 MB              ; 00:00:01                           ;
; EDA Netlist Writer   ; 00:00:01     ; 1.0                     ; 613 MB              ; 00:00:01                           ;
; Total                ; 00:00:20     ; --                      ; --                  ; 00:00:27                           ;
+----------------------+--------------+-------------------------+---------------------+------------------------------------+


+---------------------------------------------------------------------------------------------+
; Flow OS Summary                                                                             ;
+----------------------+---------------------+------------------+------------+----------------+
; Module Name          ; Machine Hostname    ; OS Name          ; OS Version ; Processor type ;
+----------------------+---------------------+------------------+------------+----------------+
; Analysis & Synthesis ; sje-lin-sidi-918562 ; Debian GNU/Linux ; 12         ; x86_64         ;
; Fitter               ; sje-lin-sidi-918562 ; Debian GNU/Linux ; 12         ; x86_64         ;
; Assembler            ; sje-lin-sidi-918562 ; Debian GNU/Linux ; 12         ; x86_64         ;
; Timing Analyzer      ; sje-lin-sidi-918562 ; Debian GNU/Linux ; 12         ; x86_64         ;
; EDA Netlist Writer   ; sje-lin-sidi-918562 ; Debian GNU/Linux ; 12         ; x86_64         ;
+----------------------+---------------------+------------------+------------+----------------+


------------
; Flow Log ;
------------
quartus_map --read_settings_files=on --write_settings_files=off timer -c timer
quartus_fit --read_settings_files=off --write_settings_files=off timer -c timer
quartus_asm --read_settings_files=off --write_settings_files=off timer -c timer
quartus_sta timer -c timer
quartus_eda --read_settings_files=off --write_settings_files=off timer -c timer



