------------------------------------------------------------
Timing Analyzer Summary
------------------------------------------------------------

Type  : Slow 1200mV 85C Model Setup 'pll_timer_inst|altpll_component|auto_generated|pll1|clk[0]'
Slack : 12.742
TNS   : 0.000

Type  : Slow 1200mV 85C Model Setup 'CLOCK_50'
Slack : 14.529
TNS   : 0.000

Type  : Slow 1200mV 85C Model Hold 'CLOCK_50'
Slack : 0.401
TNS   : 0.000

Type  : Slow 1200mV 85C Model Hold 'pll_timer_inst|altpll_component|auto_generated|pll1|clk[0]'
Slack : 0.403
TNS   : 0.000

Type  : Slow 1200mV 85C Model Recovery 'pll_timer_inst|altpll_component|auto_generated|pll1|clk[0]'
Slack : 2.748
TNS   : 0.000

Type  : Slow 1200mV 85C Model Recovery 'CLOCK_50'
Slack : 6.730
TNS   : 0.000

Type  : Slow 1200mV 85C Model Removal 'CLOCK_50'
Slack : 2.009
TNS   : 0.000

Type  : Slow 1200mV 85C Model Removal 'pll_timer_inst|altpll_component|auto_generated|pll1|clk[0]'
Slack : 4.424
TNS   : 0.000

Type  : Slow 1200mV 85C Model Minimum Pulse Width 'CLOCK_50'
Slack : 9.756
TNS   : 0.000

Type  : Slow 1200mV 85C Model Minimum Pulse Width 'pll_timer_inst|altpll_component|auto_generated|pll1|clk[0]'
Slack : 249999.758
TNS   : 0.000

Type  : Slow 1200mV 0C Model Setup 'pll_timer_inst|altpll_component|auto_generated|pll1|clk[0]'
Slack : 13.366
TNS   : 0.000

Type  : Slow 1200mV 0C Model Setup 'CLOCK_50'
Slack : 15.060
TNS   : 0.000

Type  : Slow 1200mV 0C Model Hold 'CLOCK_50'
Slack : 0.353
TNS   : 0.000

Type  : Slow 1200mV 0C Model Hold 'pll_timer_inst|altpll_component|auto_generated|pll1|clk[0]'
Slack : 0.354
TNS   : 0.000

Type  : Slow 1200mV 0C Model Recovery 'pll_timer_inst|altpll_component|auto_generated|pll1|clk[0]'
Slack : 3.699
TNS   : 0.000

Type  : Slow 1200mV 0C Model Recovery 'CLOCK_50'
Slack : 7.211
TNS   : 0.000

Type  : Slow 1200mV 0C Model Removal 'CLOCK_50'
Slack : 1.773
TNS   : 0.000

Type  : Slow 1200mV 0C Model Removal 'pll_timer_inst|altpll_component|auto_generated|pll1|clk[0]'
Slack : 3.867
TNS   : 0.000

Type  : Slow 1200mV 0C Model Minimum Pulse Width 'CLOCK_50'
Slack : 9.776
TNS   : 0.000

Type  : Slow 1200mV 0C Model Minimum Pulse Width 'pll_timer_inst|altpll_component|auto_generated|pll1|clk[0]'
Slack : 249999.755
TNS   : 0.000

Type  : Fast 1200mV 0C Model Setup 'pll_timer_inst|altpll_component|auto_generated|pll1|clk[0]'
Slack : 16.060
TNS   : 0.000

Type  : Fast 1200mV 0C Model Setup 'CLOCK_50'
Slack : 17.116
TNS   : 0.000

Type  : Fast 1200mV 0C Model Hold 'pll_timer_inst|altpll_component|auto_generated|pll1|clk[0]'
Slack : 0.178
TNS   : 0.000

Type  : Fast 1200mV 0C Model Hold 'CLOCK_50'
Slack : 0.180
TNS   : 0.000

Type  : Fast 1200mV 0C Model Recovery 'pll_timer_inst|altpll_component|auto_generated|pll1|clk[0]'
Slack : 5.747
TNS   : 0.000

Type  : Fast 1200mV 0C Model Recovery 'CLOCK_50'
Slack : 7.947
TNS   : 0.000

Type  : Fast 1200mV 0C Model Removal 'CLOCK_50'
Slack : 0.909
TNS   : 0.000

Type  : Fast 1200mV 0C Model Removal 'pll_timer_inst|altpll_component|auto_generated|pll1|clk[0]'
Slack : 2.189
TNS   : 0.000

Type  : Fast 1200mV 0C Model Minimum Pulse Width 'CLOCK_50'
Slack : 9.438
TNS   : 0.000

Type  : Fast 1200mV 0C Model Minimum Pulse Width 'pll_timer_inst|altpll_component|auto_generated|pll1|clk[0]'
Slack : 249999.774
TNS   : 0.000

------------------------------------------------------------
